OBERSKILLS TEST RESULTS
Validated against Anthropic Best Practices
============================================================
Date: 2026-01-11T05:53:35.261071

Total:  87
Passed: 86
Failed: 1
Rate:   98.9%


[CHAIN]
----------------------------------------
[PASS] oberplan: chains to oberexec
[PASS] oberplan: has execution phase

[DESCRIPTION]
----------------------------------------
[PASS] oberagent: has description
[PASS] oberagent: description ≤ 1024 chars
[PASS] oberexec: has description
[PASS] oberexec: description ≤ 1024 chars
[PASS] oberplan: has description
[PASS] oberplan: description ≤ 1024 chars
[PASS] oberprompt: has description
[PASS] oberprompt: description ≤ 1024 chars
[PASS] oberdebug: has description
[PASS] oberdebug: description ≤ 1024 chars

[DOCS]
----------------------------------------
[PASS] CLAUDE.md: lists 'oberagent'
[PASS] CLAUDE.md: lists 'oberexec'
[PASS] CLAUDE.md: lists 'oberplan'
[PASS] CLAUDE.md: lists 'oberprompt'
[PASS] CLAUDE.md: lists 'oberdebug'

[MANIFEST]
----------------------------------------
[PASS] plugin.json: valid semver

[NAMING]
----------------------------------------
[PASS] oberagent: name is lowercase
[PASS] oberagent: name uses valid characters
[PASS] oberagent: no leading/trailing hyphens
[PASS] oberagent: no consecutive hyphens
[PASS] oberagent: name ≤ 64 chars
[PASS] oberagent: name matches directory
[PASS] oberexec: name is lowercase
[PASS] oberexec: name uses valid characters
[PASS] oberexec: no leading/trailing hyphens
[PASS] oberexec: no consecutive hyphens
[PASS] oberexec: name ≤ 64 chars
[PASS] oberexec: name matches directory
[PASS] oberplan: name is lowercase
[PASS] oberplan: name uses valid characters
[PASS] oberplan: no leading/trailing hyphens
[PASS] oberplan: no consecutive hyphens
[PASS] oberplan: name ≤ 64 chars
[PASS] oberplan: name matches directory
[PASS] oberprompt: name is lowercase
[PASS] oberprompt: name uses valid characters
[PASS] oberprompt: no leading/trailing hyphens
[PASS] oberprompt: no consecutive hyphens
[PASS] oberprompt: name ≤ 64 chars
[PASS] oberprompt: name matches directory
[PASS] oberdebug: name is lowercase
[PASS] oberdebug: name uses valid characters
[PASS] oberdebug: no leading/trailing hyphens
[PASS] oberdebug: no consecutive hyphens
[PASS] oberdebug: name ≤ 64 chars
[PASS] oberdebug: name matches directory

[ORCHESTRATION]
----------------------------------------
[PASS] oberexec: subagents have explicit objectives
[PASS] oberexec: output format specified
[PASS] oberexec: effort scaling defined
[PASS] oberexec: uses external memory
[PASS] oberexec: has stopping conditions

[PROMPT-ENG]
----------------------------------------
[PASS] oberagent: moderate emphasis language
[PASS] oberagent: positive framing (do vs don't)
[PASS] oberexec: moderate emphasis language
[PASS] oberexec: positive framing (do vs don't)
[PASS] oberplan: moderate emphasis language
[PASS] oberplan: positive framing (do vs don't)
[PASS] oberprompt: moderate emphasis language
[PASS] oberprompt: positive framing (do vs don't)
[PASS] oberdebug: moderate emphasis language
[PASS] oberdebug: positive framing (do vs don't)

[QUALITY]
----------------------------------------
[PASS] oberagent: description includes trigger conditions
[PASS] oberagent: description has specific content
[PASS] oberexec: description includes trigger conditions
[PASS] oberexec: description has specific content
[PASS] oberplan: description includes trigger conditions
[PASS] oberplan: description has specific content
[PASS] oberprompt: description includes trigger conditions
[PASS] oberprompt: description has specific content
[PASS] oberdebug: description includes trigger conditions
[PASS] oberdebug: description has specific content

[REFS]
----------------------------------------
[PASS] oberagent: reference to 'oberprompt' is valid
[PASS] oberagent: reference to 'oberdebug' is valid
[PASS] oberexec: reference to 'oberagent' is valid
[PASS] oberexec: reference to 'oberplan' is valid
[PASS] oberexec: reference to 'oberdebug' is valid
[PASS] oberplan: reference to 'oberagent' is valid
[PASS] oberplan: reference to 'oberprompt' is valid
[PASS] oberplan: reference to 'oberexec' is valid
[PASS] oberplan: reference to 'oberdebug' is valid

[SIZE]
----------------------------------------
[PASS] oberagent: SKILL.md < 500 lines
[PASS] oberexec: SKILL.md < 500 lines
[PASS] oberplan: SKILL.md < 500 lines
[FAIL] oberprompt: SKILL.md < 500 lines
       File has 540 lines, recommended max is 500
[PASS] oberdebug: SKILL.md < 500 lines


FAILED TESTS SUMMARY
============================================================
[size] oberprompt: SKILL.md < 500 lines
  File has 540 lines, recommended max is 500

